* ******************************************************************************

* iCEcube Report

* Version:            2020.12.27943

* Build Date:         Dec  9 2020 17:31:51

* File Generated:     May 15 2025 16:29:48

* Purpose:            General info of design implementation

* Copyright (C) 2006-2010 by Lattice Semiconductor Corp. All rights reserved.

* ******************************************************************************

Synthesis/Placement Summary:
----------------------------
    Status:  Successful
    Runtime: 0 seconds

Device Info:
------------
    Device Family: iCE40
    Device:        iCE40LP8K
    Package:       CM81

Design statistics:
------------------
    FFs:                  298
    LUTs:                 359
    RAMs:                 0
    IOBs:                 8
    GBs:                  4
    PLLs:                 0
    Warm Boots:           0

Logic Resource Utilization:
---------------------------
    Total Logic Cells: 359/7680
        Combinational Logic Cells: 61       out of   7680      0.794271%
        Sequential Logic Cells:    298      out of   7680      3.88021%
        Logic Tiles:               79       out of   960       8.22917%
    Registers: 
        Logic Registers:           298      out of   7680      3.88021%
        IO Registers:              0        out of   1280      0
    Block RAMs:                    0        out of   32        0%
    Warm Boots:                    0        out of   1         0%
    Pins:
        Input Pins:                3        out of   63        4.7619%
        Output Pins:               5        out of   63        7.93651%
        InOut Pins:                0        out of   63        0%
    Global Buffers:                4        out of   8         50%
    PLLs:                          0        out of   1         0%

IO Bank Utilization:
--------------------
    Bank 3: 2        out of   18        11.1111%
    Bank 1: 3        out of   15        20%
    Bank 0: 2        out of   17        11.7647%
    Bank 2: 1        out of   13        7.69231%

Detailed I/O Info:
------------------
    Input Pins: 
    Pin Number  Direction  IO Standard  Pull Up  IO Bank  IO Function    Signal Name   
    ----------  ---------  -----------  -------  -------  -----------    -----------   
    A8          Input      SB_LVCMOS    No       0        Simple Input   miso_input    
    B2          Input      SB_LVCMOS    No       3        Simple Input   CLK           
    C2          Input      SB_LVCMOS    No       3        Simple Input   RST_N         

    Output Pins: 
    Pin Number  Direction  IO Standard  Pull Up  IO Bank  IO Function    Signal Name   
    ----------  ---------  -----------  -------  -------  -----------    -----------   
    A6          Output     SB_LVCMOS    No       0        Simple Output  clk_output    
    A9          Output     SB_LVCMOS    No       1        Simple Output  sel_output    
    C9          Output     SB_LVCMOS    No       1        Simple Output  xor_out_stat  
    H9          Output     SB_LVCMOS    No       1        Simple Output  mosi_output   
    J1          Output     SB_LVCMOS    No       2        Simple Output  xor_out_dyn   

Detailed Global Buffer Info:
----------------------------
    Buffer Number  IO Bank  Driven By  Fanout  Signal Name                   
    -------------  -------  ---------  ------  -----------                   
    4              0                   298     CLK_1_c_g                     
    6              3                   298     RST_N_c_i_g                   
    3              3                   88      switch_clk_2MHz_inst.N_259_g  
    1              0                   88      switch_clk_1MHz_inst.N_377_g  
